[INFO] Scanning for projects...
[INFO] 
[INFO] ----------------< com.example:lab-resource-utilization >----------------
[INFO] Building lab-resource-utilization 0.0.1-SNAPSHOT
[INFO]   from pom.xml
[INFO] --------------------------------[ jar ]---------------------------------
[INFO] 
[INFO] --- clean:3.3.2:clean (default-clean) @ lab-resource-utilization ---
[INFO] Deleting C:\Users\HP\OneDrive\Desktop\lab-resource-utilization-platform-group-2\lab-resource-utilization-platform-group-2\lab-resource-utilization\target
[INFO] 
[INFO] >>> spring-boot:3.3.2:run (default-cli) > test-compile @ lab-resource-utilization >>>
[INFO] 
[INFO] --- resources:3.3.1:resources (default-resources) @ lab-resource-utilization ---
[INFO] Copying 1 resource from src\main\resources to target\classes
[INFO] Copying 1 resource from src\main\resources to target\classes
[INFO] 
[INFO] --- compiler:3.13.0:compile (default-compile) @ lab-resource-utilization ---
[INFO] Recompiling the module because of changed source code.
[INFO] Compiling 96 source files with javac [debug parameters release 21] to target\classes
[INFO] -------------------------------------------------------------
[ERROR] COMPILATION ERROR : 
[INFO] -------------------------------------------------------------
[ERROR] /C:/Users/HP/OneDrive/Desktop/lab-resource-utilization-platform-group-2/lab-resource-utilization-platform-group-2/lab-resource-utilization/src/main/java/com/example/lab_resource_utilization/dto/BookingApprovedEmailDTO.java:[3,14] package lombok does not exist
[ERROR] /C:/Users/HP/OneDrive/Desktop/lab-resource-utilization-platform-group-2/lab-resource-utilization-platform-group-2/lab-resource-utilization/src/main/java/com/example/lab_resource_utilization/dto/BookingApprovedEmailDTO.java:[4,14] package lombok does not exist
[ERROR] /C:/Users/HP/OneDrive/Desktop/lab-resource-utilization-platform-group-2/lab-resource-utilization-platform-group-2/lab-resource-utilization/src/main/java/com/example/lab_resource_utilization/dto/BookingApprovedEmailDTO.java:[5,14] package lombok does not exist
[ERROR] /C:/Users/HP/OneDrive/Desktop/lab-resource-utilization-platform-group-2/lab-resource-utilization-platform-group-2/lab-resource-utilization/src/main/java/com/example/lab_resource_utilization/dto/BookingApprovedEmailDTO.java:[6,14] package lombok does not exist
[ERROR] /C:/Users/HP/OneDrive/Desktop/lab-resource-utilization-platform-group-2/lab-resource-utilization-platform-group-2/lab-resource-utilization/src/main/java/com/example/lab_resource_utilization/dto/BookingRejectedEmailDTO.java:[3,14] package lombok does not exist
[ERROR] /C:/Users/HP/OneDrive/Desktop/lab-resource-utilization-platform-group-2/lab-resource-utilization-platform-group-2/lab-resource-utilization/src/main/java/com/example/lab_resource_utilization/dto/BookingRejectedEmailDTO.java:[4,14] package lombok does not exist
[ERROR] /C:/Users/HP/OneDrive/Desktop/lab-resource-utilization-platform-group-2/lab-resource-utilization-platform-group-2/lab-resource-utilization/src/main/java/com/example/lab_resource_utilization/dto/BookingRejectedEmailDTO.java:[5,14] package lombok does not exist
[ERROR] /C:/Users/HP/OneDrive/Desktop/lab-resource-utilization-platform-group-2/lab-resource-utilization-platform-group-2/lab-resource-utilization/src/main/java/com/example/lab_resource_utilization/dto/BookingRejectedEmailDTO.java:[6,14] package lombok does not exist
[ERROR] /C:/Users/HP/OneDrive/Desktop/lab-resource-utilization-platform-group-2/lab-resource-utilization-platform-group-2/lab-resource-utilization/src/main/java/com/example/lab_resource_utilization/dto/MaintenanceReminderEmailDTO.java:[3,14] package lombok does not exist
[ERROR] /C:/Users/HP/OneDrive/Desktop/lab-resource-utilization-platform-group-2/lab-resource-utilization-platform-group-2/lab-resource-utilization/src/main/java/com/example/lab_resource_utilization/dto/MaintenanceReminderEmailDTO.java:[4,14] package lombok does not exist
[ERROR] /C:/Users/HP/OneDrive/Desktop/lab-resource-utilization-platform-group-2/lab-resource-utilization-platform-group-2/lab-resource-utilization/src/main/java/com/example/lab_resource_utilization/dto/MaintenanceReminderEmailDTO.java:[5,14] package lombok does not exist
[ERROR] /C:/Users/HP/OneDrive/Desktop/lab-resource-utilization-platform-group-2/lab-resource-utilization-platform-group-2/lab-resource-utilization/src/main/java/com/example/lab_resource_utilization/dto/CalibrationReminderEmailDTO.java:[3,14] package lombok does not exist
[ERROR] /C:/Users/HP/OneDrive/Desktop/lab-resource-utilization-platform-group-2/lab-resource-utilization-platform-group-2/lab-resource-utilization/src/main/java/com/example/lab_resource_utilization/dto/CalibrationReminderEmailDTO.java:[4,14] package lombok does not exist
[ERROR] /C:/Users/HP/OneDrive/Desktop/lab-resource-utilization-platform-group-2/lab-resource-utilization-platform-group-2/lab-resource-utilization/src/main/java/com/example/lab_resource_utilization/dto/CalibrationReminderEmailDTO.java:[5,14] package lombok does not exist
[ERROR] /C:/Users/HP/OneDrive/Desktop/lab-resource-utilization-platform-group-2/lab-resource-utilization-platform-group-2/lab-resource-utilization/src/main/java/com/example/lab_resource_utilization/dto/WaitlistPromotionEmailDTO.java:[3,14] package lombok does not exist
[ERROR] /C:/Users/HP/OneDrive/Desktop/lab-resource-utilization-platform-group-2/lab-resource-utilization-platform-group-2/lab-resource-utilization/src/main/java/com/example/lab_resource_utilization/dto/WaitlistPromotionEmailDTO.java:[4,14] package lombok does not exist
[ERROR] /C:/Users/HP/OneDrive/Desktop/lab-resource-utilization-platform-group-2/lab-resource-utilization-platform-group-2/lab-resource-utilization/src/main/java/com/example/lab_resource_utilization/dto/WaitlistPromotionEmailDTO.java:[5,14] package lombok does not exist
[ERROR] /C:/Users/HP/OneDrive/Desktop/lab-resource-utilization-platform-group-2/lab-resource-utilization-platform-group-2/lab-resource-utilization/src/main/java/com/example/lab_resource_utilization/dto/WaitlistPromotionEmailDTO.java:[6,14] package lombok does not exist
[ERROR] /C:/Users/HP/OneDrive/Desktop/lab-resource-utilization-platform-group-2/lab-resource-utilization-platform-group-2/lab-resource-utilization/src/main/java/com/example/lab_resource_utilization/dto/CustomEmailDTO.java:[3,14] package lombok does not exist
[ERROR] /C:/Users/HP/OneDrive/Desktop/lab-resource-utilization-platform-group-2/lab-resource-utilization-platform-group-2/lab-resource-utilization/src/main/java/com/example/lab_resource_utilization/dto/CustomEmailDTO.java:[4,14] package lombok does not exist
[ERROR] /C:/Users/HP/OneDrive/Desktop/lab-resource-utilization-platform-group-2/lab-resource-utilization-platform-group-2/lab-resource-utilization/src/main/java/com/example/lab_resource_utilization/dto/CustomEmailDTO.java:[5,14] package lombok does not exist
[ERROR] /C:/Users/HP/OneDrive/Desktop/lab-resource-utilization-platform-group-2/lab-resource-utilization-platform-group-2/lab-resource-utilization/src/main/java/com/example/lab_resource_utilization/service/EmailService.java:[444,20] cannot find symbol
  symbol:   method isHtml()
  location: variable dto of type com.example.lab_resource_utilization.dto.CustomEmailDTO
[ERROR] /C:/Users/HP/OneDrive/Desktop/lab-resource-utilization-platform-group-2/lab-resource-utilization-platform-group-2/lab-resource-utilization/src/main/java/com/example/lab_resource_utilization/service/WaitlistService.java:[188,28] cannot find symbol
  symbol:   class lab_resource_utilization
  location: package com.example
[ERROR] /C:/Users/HP/OneDrive/Desktop/lab-resource-utilization-platform-group-2/lab-resource-utilization-platform-group-2/lab-resource-utilization/src/main/java/com/example/lab_resource_utilization/controller/EmailController.java:[207,39] cannot find symbol
  symbol:   method isHtml()
  location: variable dto of type com.example.lab_resource_utilization.dto.CustomEmailDTO
[INFO] 24 errors 
[INFO] -------------------------------------------------------------
[INFO] ------------------------------------------------------------------------
[INFO] BUILD FAILURE
[INFO] ------------------------------------------------------------------------
[INFO] Total time:  14.966 s
[INFO] Finished at: 2026-07-21T12:34:33+05:30
[INFO] ------------------------------------------------------------------------
[ERROR] Failed to execute goal org.apache.maven.plugins:maven-compiler-plugin:3.13.0:compile (default-compile) on project lab-resource-utilization: Compilation failure: Compilation failure: 
[ERROR] /C:/Users/HP/OneDrive/Desktop/lab-resource-utilization-platform-group-2/lab-resource-utilization-platform-group-2/lab-resource-utilization/src/main/java/com/example/lab_resource_utilization/dto/BookingApprovedEmailDTO.java:[3,14] package lombok does not exist
[ERROR] /C:/Users/HP/OneDrive/Desktop/lab-resource-utilization-platform-group-2/lab-resource-utilization-platform-group-2/lab-resource-utilization/src/main/java/com/example/lab_resource_utilization/dto/BookingApprovedEmailDTO.java:[4,14] package lombok does not exist
[ERROR] /C:/Users/HP/OneDrive/Desktop/lab-resource-utilization-platform-group-2/lab-resource-utilization-platform-group-2/lab-resource-utilization/src/main/java/com/example/lab_resource_utilization/dto/BookingApprovedEmailDTO.java:[5,14] package lombok does not exist
[ERROR] /C:/Users/HP/OneDrive/Desktop/lab-resource-utilization-platform-group-2/lab-resource-utilization-platform-group-2/lab-resource-utilization/src/main/java/com/example/lab_resource_utilization/dto/BookingApprovedEmailDTO.java:[6,14] package lombok does not exist
[ERROR] /C:/Users/HP/OneDrive/Desktop/lab-resource-utilization-platform-group-2/lab-resource-utilization-platform-group-2/lab-resource-utilization/src/main/java/com/example/lab_resource_utilization/dto/BookingRejectedEmailDTO.java:[3,14] package lombok does not exist
[ERROR] /C:/Users/HP/OneDrive/Desktop/lab-resource-utilization-platform-group-2/lab-resource-utilization-platform-group-2/lab-resource-utilization/src/main/java/com/example/lab_resource_utilization/dto/BookingRejectedEmailDTO.java:[4,14] package lombok does not exist
[ERROR] /C:/Users/HP/OneDrive/Desktop/lab-resource-utilization-platform-group-2/lab-resource-utilization-platform-group-2/lab-resource-utilization/src/main/java/com/example/lab_resource_utilization/dto/BookingRejectedEmailDTO.java:[5,14] package lombok does not exist
[ERROR] /C:/Users/HP/OneDrive/Desktop/lab-resource-utilization-platform-group-2/lab-resource-utilization-platform-group-2/lab-resource-utilization/src/main/java/com/example/lab_resource_utilization/dto/BookingRejectedEmailDTO.java:[6,14] package lombok does not exist
[ERROR] /C:/Users/HP/OneDrive/Desktop/lab-resource-utilization-platform-group-2/lab-resource-utilization-platform-group-2/lab-resource-utilization/src/main/java/com/example/lab_resource_utilization/dto/MaintenanceReminderEmailDTO.java:[3,14] package lombok does not exist
[ERROR] /C:/Users/HP/OneDrive/Desktop/lab-resource-utilization-platform-group-2/lab-resource-utilization-platform-group-2/lab-resource-utilization/src/main/java/com/example/lab_resource_utilization/dto/MaintenanceReminderEmailDTO.java:[4,14] package lombok does not exist
[ERROR] /C:/Users/HP/OneDrive/Desktop/lab-resource-utilization-platform-group-2/lab-resource-utilization-platform-group-2/lab-resource-utilization/src/main/java/com/example/lab_resource_utilization/dto/MaintenanceReminderEmailDTO.java:[5,14] package lombok does not exist
[ERROR] /C:/Users/HP/OneDrive/Desktop/lab-resource-utilization-platform-group-2/lab-resource-utilization-platform-group-2/lab-resource-utilization/src/main/java/com/example/lab_resource_utilization/dto/CalibrationReminderEmailDTO.java:[3,14] package lombok does not exist
[ERROR] /C:/Users/HP/OneDrive/Desktop/lab-resource-utilization-platform-group-2/lab-resource-utilization-platform-group-2/lab-resource-utilization/src/main/java/com/example/lab_resource_utilization/dto/CalibrationReminderEmailDTO.java:[4,14] package lombok does not exist
[ERROR] /C:/Users/HP/OneDrive/Desktop/lab-resource-utilization-platform-group-2/lab-resource-utilization-platform-group-2/lab-resource-utilization/src/main/java/com/example/lab_resource_utilization/dto/CalibrationReminderEmailDTO.java:[5,14] package lombok does not exist
[ERROR] /C:/Users/HP/OneDrive/Desktop/lab-resource-utilization-platform-group-2/lab-resource-utilization-platform-group-2/lab-resource-utilization/src/main/java/com/example/lab_resource_utilization/dto/WaitlistPromotionEmailDTO.java:[3,14] package lombok does not exist
[ERROR] /C:/Users/HP/OneDrive/Desktop/lab-resource-utilization-platform-group-2/lab-resource-utilization-platform-group-2/lab-resource-utilization/src/main/java/com/example/lab_resource_utilization/dto/WaitlistPromotionEmailDTO.java:[4,14] package lombok does not exist
[ERROR] /C:/Users/HP/OneDrive/Desktop/lab-resource-utilization-platform-group-2/lab-resource-utilization-platform-group-2/lab-resource-utilization/src/main/java/com/example/lab_resource_utilization/dto/WaitlistPromotionEmailDTO.java:[5,14] package lombok does not exist
[ERROR] /C:/Users/HP/OneDrive/Desktop/lab-resource-utilization-platform-group-2/lab-resource-utilization-platform-group-2/lab-resource-utilization/src/main/java/com/example/lab_resource_utilization/dto/WaitlistPromotionEmailDTO.java:[6,14] package lombok does not exist
[ERROR] /C:/Users/HP/OneDrive/Desktop/lab-resource-utilization-platform-group-2/lab-resource-utilization-platform-group-2/lab-resource-utilization/src/main/java/com/example/lab_resource_utilization/dto/CustomEmailDTO.java:[3,14] package lombok does not exist
[ERROR] /C:/Users/HP/OneDrive/Desktop/lab-resource-utilization-platform-group-2/lab-resource-utilization-platform-group-2/lab-resource-utilization/src/main/java/com/example/lab_resource_utilization/dto/CustomEmailDTO.java:[4,14] package lombok does not exist
[ERROR] /C:/Users/HP/OneDrive/Desktop/lab-resource-utilization-platform-group-2/lab-resource-utilization-platform-group-2/lab-resource-utilization/src/main/java/com/example/lab_resource_utilization/dto/CustomEmailDTO.java:[5,14] package lombok does not exist
[ERROR] /C:/Users/HP/OneDrive/Desktop/lab-resource-utilization-platform-group-2/lab-resource-utilization-platform-group-2/lab-resource-utilization/src/main/java/com/example/lab_resource_utilization/service/EmailService.java:[444,20] cannot find symbol
[ERROR]   symbol:   method isHtml()
[ERROR]   location: variable dto of type com.example.lab_resource_utilization.dto.CustomEmailDTO
[ERROR] /C:/Users/HP/OneDrive/Desktop/lab-resource-utilization-platform-group-2/lab-resource-utilization-platform-group-2/lab-resource-utilization/src/main/java/com/example/lab_resource_utilization/service/WaitlistService.java:[188,28] cannot find symbol
[ERROR]   symbol:   class lab_resource_utilization
[ERROR]   location: package com.example
[ERROR] /C:/Users/HP/OneDrive/Desktop/lab-resource-utilization-platform-group-2/lab-resource-utilization-platform-group-2/lab-resource-utilization/src/main/java/com/example/lab_resource_utilization/controller/EmailController.java:[207,39] cannot find symbol
[ERROR]   symbol:   method isHtml()
[ERROR]   location: variable dto of type com.example.lab_resource_utilization.dto.CustomEmailDTO
[ERROR] -> [Help 1]
[ERROR] 
[ERROR] To see the full stack trace of the errors, re-run Maven with the -e switch.
[ERROR] Re-run Maven using the -X switch to enable full debug logging.
[ERROR] 
[ERROR] For more information about the errors and possible solutions, please read the following articles:
[ERROR] [Help 1] http://cwiki.apache.org/confluence/display/MAVEN/MojoFailureException
